<html>
<body>
<pre>
<h1>µVision Build Log</h1>
<h2>Project:</h2>
C:\Keil4\ARM\Boards\Keil\MCB2300\keypad\Blinky.uvproj
Project File Date:  11/19/2019

<h2>Output:</h2>
Rebuild target 'LPC2378 Flash'
assembling LPC2300.s...
compiling Retarget.c...
compiling Serial.c...
compiling Blinky.c...
Blinky.c(292): warning:  #127-D: expected a statement
  }
Blinky.c: 1 warning, 0 errors
compiling LCD_4bit.c...
compiling IRQ.c...
linking...
Program Size: Code=3592 RO-data=256 RW-data=16 ZI-data=1288  
".\Flash\Blinky.axf" - 0 Error(s), 1 Warning(s).
Load "C:\\Keil4\\ARM\\Boards\\Keil\\MCB2300\\keypad\\Flash\\Blinky.axf" 
Erase Done.
Programming Done.
Verify OK.
Application running ...
"C:\\Keil4\\ARM\\Boards\\Keil\\MCB2300\\keypad\\Flash\\Blinky.axf" 
Erase Done.
Programming Done.
Verify OK.
Application running ...
cation running ...
Load "C:\\Keil4\\ARM\\Boards\\Keil\\MCB2300\\keypad\\Flash\\Blinky.axf" 
Erase Done.
Programming Done.
Verify OK.
Application running ...
erify OK.
Application running ...
